williams@DESKTOP-G44B5VV:~/Linux-20-Day-Challenge$ man apt
williams@DESKTOP-G44B5VV:~/Linux-20-Day-Challenge$ apt cache snort
E: Invalid operation cache
williams@DESKTOP-G44B5VV:~/Linux-20-Day-Challenge$ man apt
williams@DESKTOP-G44B5VV:~/Linux-20-Day-Challenge$ apt-cache snort
E: Invalid operation snort
williams@DESKTOP-G44B5VV:~/Linux-20-Day-Challenge$ apt-get snort
E: Invalid operation snort
williams@DESKTOP-G44B5VV:~/Linux-20-Day-Challenge$ apt-cache search snort
fwsnort - Snort-to-iptables rule translator
golang-github-jasonish-go-idsrules-dev - Go IDS rule parser
ippl - IP protocols logger
libdaq-dev - Data Acquisition library for packet I/O - development files
libdaq2t64 - Data Acquisition library for packet I/O - shared library
oinkmaster - Snort rules manager
psad - Port Scan Attack Detector
sagan - Real-time System & Event Log Monitoring System
sagan-rules - Real-time System & Event Log Monitoring System [rules]
snort - flexible Network Intrusion Detection System
snort-common - flexible Network Intrusion Detection System - common files
snort-common-libraries - flexible Network Intrusion Detection System - libraries
snort-doc - flexible Network Intrusion Detection System - documentation
snort-rules-default - flexible Network Intrusion Detection System - ruleset
suricata - Next Generation Intrusion Detection and Prevention Tool
williams@DESKTOP-G44B5VV:~/Linux-20-Day-Challenge$ apt-get install snort
E: Could not open lock file /var/lib/dpkg/lock-frontend - open (13: Permission denied)
E: Unable to acquire the dpkg frontend lock (/var/lib/dpkg/lock-frontend), are you root?
williams@DESKTOP-G44B5VV:~/Linux-20-Day-Challenge$ sudo apt-get install snort
[sudo] password for williams: 
Reading package lists... Done
Building dependency tree... Done
Reading state information... Done
The following additional packages will be installed:
  libauthen-sasl-perl libclone-perl libdaq2t64 libdata-dump-perl libdumbnet1 libencode-locale-perl libfile-listing-perl libfont-afm-perl
  libhtml-form-perl libhtml-format-perl libhtml-parser-perl libhtml-tagset-perl libhtml-tree-perl libhttp-cookies-perl libhttp-daemon-perl
  libhttp-date-perl libhttp-message-perl libhttp-negotiate-perl libio-html-perl libio-socket-ssl-perl libluajit-5.1-2 libluajit-5.1-common
  liblwp-mediatypes-perl liblwp-protocol-https-perl libmailtools-perl libnet-http-perl libnet-smtp-ssl-perl libnet-ssleay-perl
  libnetfilter-queue1 libnfnetlink0 libpcre3 libtimedate-perl libtry-tiny-perl liburi-perl libwww-perl libwww-robotrules-perl oinkmaster
  perl-openssl-defaults snort-common snort-common-libraries snort-rules-default
Suggested packages:
  libdigest-hmac-perl libgssapi-perl libio-compress-brotli-perl libcrypt-ssleay-perl libsub-name-perl libbusiness-isbn-perl
  libregexp-ipv6-perl libauthen-ntlm-perl debhelper snort-doc
The following NEW packages will be installed:
  libauthen-sasl-perl libclone-perl libdaq2t64 libdata-dump-perl libdumbnet1 libencode-locale-perl libfile-listing-perl libfont-afm-perl
  libhtml-form-perl libhtml-format-perl libhtml-parser-perl libhtml-tagset-perl libhtml-tree-perl libhttp-cookies-perl libhttp-daemon-perl
  libhttp-date-perl libhttp-message-perl libhttp-negotiate-perl libio-html-perl libio-socket-ssl-perl libluajit-5.1-2 libluajit-5.1-common
  liblwp-mediatypes-perl liblwp-protocol-https-perl libmailtools-perl libnet-http-perl libnet-smtp-ssl-perl libnet-ssleay-perl
  libnetfilter-queue1 libnfnetlink0 libpcre3 libtimedate-perl libtry-tiny-perl liburi-perl libwww-perl libwww-robotrules-perl oinkmaster
  perl-openssl-defaults snort snort-common snort-common-libraries snort-rules-default
0 upgraded, 42 newly installed, 0 to remove and 12 not upgraded.
Need to get 0 B/4268 kB of archives.
After this operation, 16.5 MB of additional disk space will be used.
Do you want to continue? [Y/n] y
Extracting templates from packages: 100%
Preconfiguring packages ...
Snort configuration: interface default not set, using 'eth0'
Selecting previously unselected package libluajit-5.1-common.
(Reading database ... 42061 files and directories currently installed.)
Preparing to unpack .../00-libluajit-5.1-common_2.1.0+git20231223.c525bcb+dfsg-1_all.deb ...
Unpacking libluajit-5.1-common (2.1.0+git20231223.c525bcb+dfsg-1) ...
Selecting previously unselected package libluajit-5.1-2:amd64.
Preparing to unpack .../01-libluajit-5.1-2_2.1.0+git20231223.c525bcb+dfsg-1_amd64.deb ...
Unpacking libluajit-5.1-2:amd64 (2.1.0+git20231223.c525bcb+dfsg-1) ...
Selecting previously unselected package libpcre3:amd64.
Preparing to unpack .../02-libpcre3_2%3a8.39-15build1_amd64.deb ...
Unpacking libpcre3:amd64 (2:8.39-15build1) ...
Selecting previously unselected package snort-common-libraries.
Preparing to unpack .../03-snort-common-libraries_2.9.20-0+deb11u1ubuntu1_amd64.deb ...
Unpacking snort-common-libraries (2.9.20-0+deb11u1ubuntu1) ...
Selecting previously unselected package snort-rules-default.
Preparing to unpack .../04-snort-rules-default_2.9.20-0+deb11u1ubuntu1_all.deb ...
Unpacking snort-rules-default (2.9.20-0+deb11u1ubuntu1) ...
Selecting previously unselected package snort-common.
Preparing to unpack .../05-snort-common_2.9.20-0+deb11u1ubuntu1_all.deb ...
Unpacking snort-common (2.9.20-0+deb11u1ubuntu1) ...
Selecting previously unselected package libdumbnet1:amd64.
Preparing to unpack .../06-libdumbnet1_1.17.0-1ubuntu2_amd64.deb ...
Unpacking libdumbnet1:amd64 (1.17.0-1ubuntu2) ...
Selecting previously unselected package libnfnetlink0:amd64.
Preparing to unpack .../07-libnfnetlink0_1.0.2-2build1_amd64.deb ...
Unpacking libnfnetlink0:amd64 (1.0.2-2build1) ...
Selecting previously unselected package libnetfilter-queue1:amd64.
Preparing to unpack .../08-libnetfilter-queue1_1.0.5-4build1_amd64.deb ...
Unpacking libnetfilter-queue1:amd64 (1.0.5-4build1) ...
Selecting previously unselected package libdaq2t64.
Preparing to unpack .../09-libdaq2t64_2.0.7-5.1build3_amd64.deb ...
Unpacking libdaq2t64 (2.0.7-5.1build3) ...
Selecting previously unselected package snort.
Preparing to unpack .../10-snort_2.9.20-0+deb11u1ubuntu1_amd64.deb ...
Unpacking snort (2.9.20-0+deb11u1ubuntu1) ...
Selecting previously unselected package libclone-perl:amd64.
Preparing to unpack .../11-libclone-perl_0.46-1build3_amd64.deb ...
Unpacking libclone-perl:amd64 (0.46-1build3) ...
Selecting previously unselected package libdata-dump-perl.
Preparing to unpack .../12-libdata-dump-perl_1.25-1_all.deb ...
Unpacking libdata-dump-perl (1.25-1) ...
Selecting previously unselected package libencode-locale-perl.
Preparing to unpack .../13-libencode-locale-perl_1.05-3_all.deb ...
Unpacking libencode-locale-perl (1.05-3) ...
Selecting previously unselected package libtimedate-perl.
Preparing to unpack .../14-libtimedate-perl_2.3300-2_all.deb ...
Unpacking libtimedate-perl (2.3300-2) ...
Selecting previously unselected package libhttp-date-perl.
Preparing to unpack .../15-libhttp-date-perl_6.06-1_all.deb ...
Unpacking libhttp-date-perl (6.06-1) ...
Selecting previously unselected package libfile-listing-perl.
Preparing to unpack .../16-libfile-listing-perl_6.16-1_all.deb ...
Unpacking libfile-listing-perl (6.16-1) ...
Selecting previously unselected package libfont-afm-perl.
Preparing to unpack .../17-libfont-afm-perl_1.20-4_all.deb ...
Unpacking libfont-afm-perl (1.20-4) ...
Selecting previously unselected package libhtml-tagset-perl.
Preparing to unpack .../18-libhtml-tagset-perl_3.20-6_all.deb ...
Unpacking libhtml-tagset-perl (3.20-6) ...
Selecting previously unselected package liburi-perl.
Preparing to unpack .../19-liburi-perl_5.27-1_all.deb ...
Unpacking liburi-perl (5.27-1) ...
Selecting previously unselected package libhtml-parser-perl:amd64.
Preparing to unpack .../20-libhtml-parser-perl_3.81-1build3_amd64.deb ...
Unpacking libhtml-parser-perl:amd64 (3.81-1build3) ...
Selecting previously unselected package libio-html-perl.
Preparing to unpack .../21-libio-html-perl_1.004-3_all.deb ...
Unpacking libio-html-perl (1.004-3) ...
Selecting previously unselected package liblwp-mediatypes-perl.
Preparing to unpack .../22-liblwp-mediatypes-perl_6.04-2_all.deb ...
Unpacking liblwp-mediatypes-perl (6.04-2) ...
Selecting previously unselected package libhttp-message-perl.
Preparing to unpack .../23-libhttp-message-perl_6.45-1ubuntu1_all.deb ...
Unpacking libhttp-message-perl (6.45-1ubuntu1) ...
Selecting previously unselected package libhtml-form-perl.
Preparing to unpack .../24-libhtml-form-perl_6.11-1_all.deb ...
Unpacking libhtml-form-perl (6.11-1) ...
Selecting previously unselected package libhtml-tree-perl.
Preparing to unpack .../25-libhtml-tree-perl_5.07-3_all.deb ...
Unpacking libhtml-tree-perl (5.07-3) ...
Selecting previously unselected package libhtml-format-perl.
Preparing to unpack .../26-libhtml-format-perl_2.16-2_all.deb ...
Unpacking libhtml-format-perl (2.16-2) ...
Selecting previously unselected package libhttp-cookies-perl.
Preparing to unpack .../27-libhttp-cookies-perl_6.11-1_all.deb ...
Unpacking libhttp-cookies-perl (6.11-1) ...
Selecting previously unselected package libhttp-daemon-perl.
Preparing to unpack .../28-libhttp-daemon-perl_6.16-1_all.deb ...
Unpacking libhttp-daemon-perl (6.16-1) ...
Selecting previously unselected package libhttp-negotiate-perl.
Preparing to unpack .../29-libhttp-negotiate-perl_6.01-2_all.deb ...
Unpacking libhttp-negotiate-perl (6.01-2) ...
Selecting previously unselected package perl-openssl-defaults:amd64.
Preparing to unpack .../30-perl-openssl-defaults_7build3_amd64.deb ...
Unpacking perl-openssl-defaults:amd64 (7build3) ...
Selecting previously unselected package libnet-ssleay-perl:amd64.
Preparing to unpack .../31-libnet-ssleay-perl_1.94-1build4_amd64.deb ...
Unpacking libnet-ssleay-perl:amd64 (1.94-1build4) ...
Selecting previously unselected package libio-socket-ssl-perl.
Preparing to unpack .../32-libio-socket-ssl-perl_2.085-1_all.deb ...
Unpacking libio-socket-ssl-perl (2.085-1) ...
Selecting previously unselected package libnet-http-perl.
Preparing to unpack .../33-libnet-http-perl_6.23-1_all.deb ...
Unpacking libnet-http-perl (6.23-1) ...
Selecting previously unselected package libtry-tiny-perl.
Preparing to unpack .../34-libtry-tiny-perl_0.31-2_all.deb ...
Unpacking libtry-tiny-perl (0.31-2) ...
Selecting previously unselected package libwww-robotrules-perl.
Preparing to unpack .../35-libwww-robotrules-perl_6.02-1_all.deb ...
Unpacking libwww-robotrules-perl (6.02-1) ...
Selecting previously unselected package libwww-perl.
Preparing to unpack .../36-libwww-perl_6.76-1_all.deb ...
Unpacking libwww-perl (6.76-1) ...
Selecting previously unselected package liblwp-protocol-https-perl.
Preparing to unpack .../37-liblwp-protocol-https-perl_6.13-1_all.deb ...
Unpacking liblwp-protocol-https-perl (6.13-1) ...
Selecting previously unselected package libnet-smtp-ssl-perl.
Preparing to unpack .../38-libnet-smtp-ssl-perl_1.04-2_all.deb ...
Unpacking libnet-smtp-ssl-perl (1.04-2) ...
Selecting previously unselected package libmailtools-perl.
Preparing to unpack .../39-libmailtools-perl_2.21-2_all.deb ...
Unpacking libmailtools-perl (2.21-2) ...
Selecting previously unselected package oinkmaster.
Preparing to unpack .../40-oinkmaster_2.0-4.2_all.deb ...
Unpacking oinkmaster (2.0-4.2) ...
Selecting previously unselected package libauthen-sasl-perl.
Preparing to unpack .../41-libauthen-sasl-perl_2.1700-1_all.deb ...
Unpacking libauthen-sasl-perl (2.1700-1) ...
Setting up libfont-afm-perl (1.20-4) ...
Setting up libclone-perl:amd64 (0.46-1build3) ...
Setting up libhtml-tagset-perl (3.20-6) ...
Setting up libauthen-sasl-perl (2.1700-1) ...
Setting up liblwp-mediatypes-perl (6.04-2) ...
Setting up libtry-tiny-perl (0.31-2) ...
Setting up perl-openssl-defaults:amd64 (7build3) ...
Setting up libencode-locale-perl (1.05-3) ...
Setting up snort-common (2.9.20-0+deb11u1ubuntu1) ...
Setting up libpcre3:amd64 (2:8.39-15build1) ...
Setting up libdata-dump-perl (1.25-1) ...
Setting up libluajit-5.1-common (2.1.0+git20231223.c525bcb+dfsg-1) ...
Setting up libio-html-perl (1.004-3) ...
Setting up libtimedate-perl (2.3300-2) ...
Setting up libdumbnet1:amd64 (1.17.0-1ubuntu2) ...
Setting up libnfnetlink0:amd64 (1.0.2-2build1) ...
Setting up snort-rules-default (2.9.20-0+deb11u1ubuntu1) ...
Setting up liburi-perl (5.27-1) ...
Setting up libnet-ssleay-perl:amd64 (1.94-1build4) ...
Setting up libhttp-date-perl (6.06-1) ...
Setting up libfile-listing-perl (6.16-1) ...
Setting up libnet-http-perl (6.23-1) ...
Setting up libluajit-5.1-2:amd64 (2.1.0+git20231223.c525bcb+dfsg-1) ...
Setting up libnetfilter-queue1:amd64 (1.0.5-4build1) ...
Setting up libwww-robotrules-perl (6.02-1) ...
Setting up libhtml-parser-perl:amd64 (3.81-1build3) ...
Setting up snort-common-libraries (2.9.20-0+deb11u1ubuntu1) ...
Setting up libio-socket-ssl-perl (2.085-1) ...
Setting up libhttp-message-perl (6.45-1ubuntu1) ...
Setting up libhtml-form-perl (6.11-1) ...
Setting up libhttp-negotiate-perl (6.01-2) ...
Setting up libdaq2t64 (2.0.7-5.1build3) ...
Setting up libhttp-cookies-perl (6.11-1) ...
Setting up libhtml-tree-perl (5.07-3) ...
Setting up libhtml-format-perl (2.16-2) ...
Setting up libnet-smtp-ssl-perl (1.04-2) ...
Setting up libmailtools-perl (2.21-2) ...
Setting up libhttp-daemon-perl (6.16-1) ...
Setting up snort (2.9.20-0+deb11u1ubuntu1) ...
Snort configuration: interface default not set, using 'eth0'
Setting up liblwp-protocol-https-perl (6.13-1) ...
Setting up libwww-perl (6.76-1) ...
Setting up oinkmaster (2.0-4.2) ...
Processing triggers for libc-bin (2.39-0ubuntu8.4) ...
Processing triggers for man-db (2.12.0-4build2) ...
williams@DESKTOP-G44B5VV:~/Linux-20-Day-Challenge$ apt-get remove snort
E: Could not open lock file /var/lib/dpkg/lock-frontend - open (13: Permission denied)
E: Unable to acquire the dpkg frontend lock (/var/lib/dpkg/lock-frontend), are you root?
williams@DESKTOP-G44B5VV:~/Linux-20-Day-Challenge$ sudo apt-get remove snort
Reading package lists... Done
Building dependency tree... Done
Reading state information... Done
The following packages were automatically installed and are no longer required:
  libauthen-sasl-perl libclone-perl libdaq2t64 libdata-dump-perl libdumbnet1 libencode-locale-perl libfile-listing-perl libfont-afm-perl
  libhtml-form-perl libhtml-format-perl libhtml-parser-perl libhtml-tagset-perl libhtml-tree-perl libhttp-cookies-perl libhttp-daemon-perl
  libhttp-date-perl libhttp-message-perl libhttp-negotiate-perl libio-html-perl libio-socket-ssl-perl libluajit-5.1-2 libluajit-5.1-common
  liblwp-mediatypes-perl liblwp-protocol-https-perl libmailtools-perl libnet-http-perl libnet-smtp-ssl-perl libnet-ssleay-perl
  libnetfilter-queue1 libnfnetlink0 libpcre3 libtimedate-perl libtry-tiny-perl liburi-perl libwww-perl libwww-robotrules-perl oinkmaster
  perl-openssl-defaults snort-common snort-common-libraries snort-rules-default
Use 'sudo apt autoremove' to remove them.
The following packages will be REMOVED:
  snort
0 upgraded, 0 newly installed, 1 to remove and 12 not upgraded.
After this operation, 2060 kB disk space will be freed.
Do you want to continue? [Y/n] y
(Reading database ... 43086 files and directories currently installed.)
Removing snort (2.9.20-0+deb11u1ubuntu1) ...
 * Stopping Network Intrusion Detection System  snort                                                                                    [ OK ] 
Processing triggers for man-db (2.12.0-4build2) ...
williams@DESKTOP-G44B5VV:~/Linux-20-Day-Challenge$ apt-get update
Reading package lists... Done
E: Could not open lock file /var/lib/apt/lists/lock - open (13: Permission denied)
E: Unable to lock directory /var/lib/apt/lists/
W: Problem unlinking the file /var/cache/apt/pkgcache.bin - RemoveCaches (13: Permission denied)
W: Problem unlinking the file /var/cache/apt/srcpkgcache.bin - RemoveCaches (13: Permission denied)
williams@DESKTOP-G44B5VV:~/Linux-20-Day-Challenge$ sudo apt-get update
Hit:1 http://archive.ubuntu.com/ubuntu noble InRelease
Get:2 http://security.ubuntu.com/ubuntu noble-security InRelease [126 kB]
Get:3 http://archive.ubuntu.com/ubuntu noble-updates InRelease [126 kB]
Get:4 http://archive.ubuntu.com/ubuntu noble-backports InRelease [126 kB]
Get:5 http://security.ubuntu.com/ubuntu noble-security/main amd64 Packages [782 kB]
Get:6 http://archive.ubuntu.com/ubuntu noble-updates/main amd64 Packages [1028 kB]
Get:7 http://security.ubuntu.com/ubuntu noble-security/main Translation-en [147 kB]
Get:8 http://security.ubuntu.com/ubuntu noble-security/main amd64 Components [21.6 kB]        
Get:9 http://security.ubuntu.com/ubuntu noble-security/main amd64 c-n-f Metadata [7068 B]                
Get:10 http://security.ubuntu.com/ubuntu noble-security/universe amd64 Packages [834 kB]         
Get:11 http://archive.ubuntu.com/ubuntu noble-updates/main Translation-en [224 kB]                
Get:12 http://archive.ubuntu.com/ubuntu noble-updates/main amd64 Components [161 kB]           
Get:13 http://archive.ubuntu.com/ubuntu noble-updates/main amd64 c-n-f Metadata [13.5 kB]            
Get:14 http://archive.ubuntu.com/ubuntu noble-updates/universe amd64 Packages [1057 kB]                   
Get:15 http://security.ubuntu.com/ubuntu noble-security/universe Translation-en [181 kB]            
Get:16 http://security.ubuntu.com/ubuntu noble-security/universe amd64 Components [52.3 kB]   
Get:17 http://security.ubuntu.com/ubuntu noble-security/universe amd64 c-n-f Metadata [17.0 kB]                                                
Get:18 http://security.ubuntu.com/ubuntu noble-security/restricted amd64 Packages [931 kB]                                                     
Get:19 http://archive.ubuntu.com/ubuntu noble-updates/universe Translation-en [267 kB]                                                         
Get:20 http://archive.ubuntu.com/ubuntu noble-updates/universe amd64 Components [368 kB]                                                       
Get:21 http://security.ubuntu.com/ubuntu noble-security/restricted Translation-en [191 kB]                                                     
Get:22 http://security.ubuntu.com/ubuntu noble-security/restricted amd64 Components [212 B]                                                    
Get:23 http://security.ubuntu.com/ubuntu noble-security/restricted amd64 c-n-f Metadata [468 B]                                                
Get:24 http://security.ubuntu.com/ubuntu noble-security/multiverse amd64 Packages [17.6 kB]                                                    
Get:25 http://security.ubuntu.com/ubuntu noble-security/multiverse Translation-en [3792 B]                                                     
Get:26 http://security.ubuntu.com/ubuntu noble-security/multiverse amd64 Components [212 B]                                                    
Get:27 http://security.ubuntu.com/ubuntu noble-security/multiverse amd64 c-n-f Metadata [380 B]                                                
Get:28 http://archive.ubuntu.com/ubuntu noble-updates/universe amd64 c-n-f Metadata [26.0 kB]                                                  
Get:29 http://archive.ubuntu.com/ubuntu noble-updates/restricted amd64 Packages [964 kB]                                                       
Get:30 http://archive.ubuntu.com/ubuntu noble-updates/restricted Translation-en [199 kB]                                                       
Get:31 http://archive.ubuntu.com/ubuntu noble-updates/restricted amd64 Components [212 B]                                                      
Get:32 http://archive.ubuntu.com/ubuntu noble-updates/restricted amd64 c-n-f Metadata [492 B]                                                  
Get:33 http://archive.ubuntu.com/ubuntu noble-updates/multiverse amd64 Packages [21.5 kB]                                                      
Get:34 http://archive.ubuntu.com/ubuntu noble-updates/multiverse Translation-en [4788 B]                                                       
Get:35 http://archive.ubuntu.com/ubuntu noble-updates/multiverse amd64 Components [940 B]                                                      
Get:36 http://archive.ubuntu.com/ubuntu noble-updates/multiverse amd64 c-n-f Metadata [592 B]                                                  
Get:37 http://archive.ubuntu.com/ubuntu noble-backports/main amd64 Packages [39.1 kB]                                                          
Get:38 http://archive.ubuntu.com/ubuntu noble-backports/main Translation-en [8676 B]                                                           
Get:39 http://archive.ubuntu.com/ubuntu noble-backports/main amd64 Components [7068 B]                                                         
Get:40 http://archive.ubuntu.com/ubuntu noble-backports/main amd64 c-n-f Metadata [272 B]                                                      
Get:41 http://archive.ubuntu.com/ubuntu noble-backports/universe amd64 Packages [27.1 kB]                                                      
Get:42 http://archive.ubuntu.com/ubuntu noble-backports/universe Translation-en [16.5 kB]                                                      
Get:43 http://archive.ubuntu.com/ubuntu noble-backports/universe amd64 Components [16.4 kB]                                                    
Get:44 http://archive.ubuntu.com/ubuntu noble-backports/universe amd64 c-n-f Metadata [1304 B]                                                 
Get:45 http://archive.ubuntu.com/ubuntu noble-backports/restricted amd64 Components [212 B]                                                    
Get:46 http://archive.ubuntu.com/ubuntu noble-backports/multiverse amd64 Components [212 B]                                                    
Fetched 8017 kB in 14s (586 kB/s)                                                                                                              
Reading package lists... Done
williams@DESKTOP-G44B5VV:~/Linux-20-Day-Challenge$ cat etc/apt/sources.list
cat: etc/apt/sources.list: No such file or directory
williams@DESKTOP-G44B5VV:~/Linux-20-Day-Challenge$ cd /
williams@DESKTOP-G44B5VV:/$ ls
bin                boot  etc   init  lib.usr-is-merged  lost+found  mnt  proc  run   sbin.usr-is-merged  srv  tmp  var
bin.usr-is-merged  dev   home  lib   lib64              media       opt  root  sbin  snap                sys  usr
williams@DESKTOP-G44B5VV:/$ cd etc
williams@DESKTOP-G44B5VV:/etc$ ls
PackageKit              cron.yearly     group-         locale.gen           oinkmaster.conf  rmt                supercat
X11                     crontab         gshadow        localtime            opt              rpc                sysctl.conf
adduser.conf            dbus-1          gshadow-       logcheck             os-release       rsyslog.conf       sysctl.d
alternatives            dconf           gss            login.defs           pam.conf         rsyslog.d          sysstat
apparmor                debconf.conf    gtk-3.0        logrotate.conf       pam.d            security           systemd
apparmor.d              debian_version  host.conf      logrotate.d          passwd           selinux            terminfo
apport                  default         hostname       lsb-release          passwd-          sensors.d          timezone
apt                     deluser.conf    hosts          machine-id           perl             sensors3.conf      tmpfiles.d
bash.bashrc             depmod.d        init.d         magic                pm               services           ubuntu-advantage
bash_completion         dhcp            inputrc        magic.mime           polkit-1         sgml               ucf.conf
bash_completion.d       dhcpcd.conf     iproute2       manpath.config       ppp              shadow             udev
bindresvport.blacklist  dpkg            issue          mime.types           profile          shadow-            update-manager
binfmt.d                e2scrub.conf    issue.net      mke2fs.conf          profile.d        shells             update-motd.d
byobu                   environment     kernel         modprobe.d           protocols        skel               vconsole.conf
ca-certificates         environment.d   landscape      modules              python3          snort              vim
ca-certificates.conf    ethertypes      ld.so.cache    modules-load.d       python3.12       ssh                vtrgb
cloud                   fonts           ld.so.conf     mtab                 rc0.d            ssl                vulkan
console-setup           fstab           ld.so.conf.d   nanorc               rc1.d            subgid             wgetrc
credstore               fuse.conf       ldap           netconfig            rc2.d            subgid-            wsl-distribution.conf
credstore.encrypted     gai.conf        legal          netplan              rc3.d            subuid             wsl.conf
cron.d                  glvnd           libaudit.conf  network              rc4.d            subuid-            xattr.conf
cron.daily              gnutls          libibverbs.d   networkd-dispatcher  rc5.d            sudo.conf          xdg
cron.hourly             gprofng.rc      libnl-3        networks             rc6.d            sudo_logsrvd.conf  xml
cron.monthly            groff           locale.alias   newt                 rcS.d            sudoers            zsh_command_not_found
cron.weekly             group           locale.conf    nsswitch.conf        resolv.conf      sudoers.d
williams@DESKTOP-G44B5VV:/etc$ cd apt
williams@DESKTOP-G44B5VV:/etc/apt$ ls
apt.conf.d  auth.conf.d  keyrings  preferences.d  sources.list  sources.list.d  trusted.gpg.d
williams@DESKTOP-G44B5VV:/etc/apt$ cat sources.list
# Ubuntu sources have moved to the /etc/apt/sources.list.d/ubuntu.sources
# file, which uses the deb822 format. Use deb822-formatted .sources files
# to manage package sources in the /etc/apt/sources.list.d/ directory.
# See the sources.list(5) manual page for details.
williams@DESKTOP-G44B5VV:/etc/apt$ 