root@DESKTOP-G44B5VV:~# pwd
/root
root@DESKTOP-G44B5VV:~# ls
log-archives  snap
root@DESKTOP-G44B5VV:~# 
logout
williams@DESKTOP-G44B5VV:~/Linux-20-Day-Challenge$ docker ps
Command 'docker' not found, but can be installed with:
sudo snap install docker         # version 27.5.1, or
sudo apt  install docker.io      # version 26.1.3-0ubuntu1~24.04.1
sudo apt  install podman-docker  # version 4.9.3+ds1-1ubuntu0.2
See 'snap info docker' for additional versions.
williams@DESKTOP-G44B5VV:~/Linux-20-Day-Challenge$ mkdir Trial
williams@DESKTOP-G44B5VV:~/Linux-20-Day-Challenge$ cd Trial
williams@DESKTOP-G44B5VV:~/Linux-20-Day-Challenge/Trial$ touch not-my-annointed.txt
williams@DESKTOP-G44B5VV:~/Linux-20-Day-Challenge/Trial$ cd ..
williams@DESKTOP-G44B5VV:~/Linux-20-Day-Challenge$ cd Trial
williams@DESKTOP-G44B5VV:~/Linux-20-Day-Challenge/Trial$ cd ..
williams@DESKTOP-G44B5VV:~/Linux-20-Day-Challenge/day_05$ ls
Trial  code.txt  task.md  williethedeveloper-submissions.md
williams@DESKTOP-G44B5VV:~/Linux-20-Day-Challenge/day_05$ cd Trial
williams@DESKTOP-G44B5VV:~/Linux-20-Day-Challenge/day_05/Trial$ ls
not-my-annointed.txt
williams@DESKTOP-G44B5VV:~/Linux-20-Day-Challenge/day_05/Trial$ cat not-my-annointed.txt
And do my prophet no harm!williams@DESKTOP-G44B5VV:~/Linux-20-Day-Challenge/day_05/Trial$ cd ..
williams@DESKTOP-G44B5VV:~/Linux-20-Day-Challenge/day_05$ cd ..
williams@DESKTOP-G44B5VV:~/Linux-20-Day-Challenge$ git init
Reinitialized existing Git repository in /home/williams/Linux-20-Day-Challenge/.git/
williams@DESKTOP-G44B5VV:~/Linux-20-Day-Challenge$ git checkout -b day5-managing-files-and-directories
Switched to a new branch 'day5-managing-files-and-directories'
williams@DESKTOP-G44B5VV:~/Linux-20-Day-Challenge$ man find
williams@DESKTOP-G44B5VV:~/Linux-20-Day-Challenge$ man locate
No manual entry for locate
williams@DESKTOP-G44B5VV:~/Linux-20-Day-Challenge$ locate day
Command 'locate' not found, but can be installed with:
sudo apt install plocate
williams@DESKTOP-G44B5VV:~/Linux-20-Day-Challenge$ 
williams@DESKTOP-G44B5VV:~/Linux-20-Day-Challenge$ man find
williams@DESKTOP-G44B5VV:~/Linux-20-Day-Challenge$ find README>md
find: ‘README’: No such file or directory
williams@DESKTOP-G44B5VV:~/Linux-20-Day-Challenge$ find README.md
README.md
williams@DESKTOP-G44B5VV:~/Linux-20-Day-Challenge$ locate README>md
Command 'locate' not found, but can be installed with:
sudo apt install plocate
williams@DESKTOP-G44B5VV:~/Linux-20-Day-Challenge$ sudo apt install plocate
[sudo] password for williams: 
Reading package lists... Done
Building dependency tree... Done
Reading state information... Done
The following packages were automatically installed and are no longer required:
  libauthen-sasl-perl libclone-perl libdaq2t64 libdata-dump-perl libdumbnet1 libencode-locale-perl libfile-listing-perl libfont-afm-perl
  libhtml-form-perl libhtml-format-perl libhtml-parser-perl libhtml-tagset-perl libhtml-tree-perl libhttp-cookies-perl libhttp-daemon-perl
  libhttp-date-perl libhttp-message-perl libhttp-negotiate-perl libio-html-perl libio-socket-ssl-perl libluajit-5.1-2 libluajit-5.1-common
  liblwp-mediatypes-perl liblwp-protocol-https-perl libmailtools-perl libnet-http-perl libnet-smtp-ssl-perl libnet-ssleay-perl
  libnetfilter-queue1 libnfnetlink0 libpcre3 libtimedate-perl libtry-tiny-perl liburi-perl libwww-perl libwww-robotrules-perl oinkmaster
  perl-openssl-defaults snort-common snort-common-libraries snort-rules-default
Use 'sudo apt autoremove' to remove them.
The following additional packages will be installed:
  liburing2
The following NEW packages will be installed:
  liburing2 plocate
0 upgraded, 2 newly installed, 0 to remove and 77 not upgraded.
Need to get 160 kB of archives.
After this operation, 623 kB of additional disk space will be used.
Do you want to continue? [Y/n] y
Get:1 http://archive.ubuntu.com/ubuntu noble/main amd64 liburing2 amd64 2.5-1build1 [21.1 kB]
Get:2 http://archive.ubuntu.com/ubuntu noble/universe amd64 plocate amd64 1.1.19-2ubuntu2 [139 kB]
Fetched 160 kB in 2s (90.1 kB/s)  
Selecting previously unselected package liburing2:amd64.
(Reading database ... 43055 files and directories currently installed.)
Preparing to unpack .../liburing2_2.5-1build1_amd64.deb ...
Unpacking liburing2:amd64 (2.5-1build1) ...
Selecting previously unselected package plocate.
Preparing to unpack .../plocate_1.1.19-2ubuntu2_amd64.deb ...
Unpacking plocate (1.1.19-2ubuntu2) ...
Setting up liburing2:amd64 (2.5-1build1) ...
Setting up plocate (1.1.19-2ubuntu2) ...
update-alternatives: using /usr/bin/plocate to provide /usr/bin/locate (locate) in auto mode
info: Selecting GID from range 100 to 999 ...
info: Adding group `plocate' (GID 110) ...
Initializing plocate database; this may take some time... done
Created symlink /etc/systemd/system/timers.target.wants/plocate-updatedb.timer → /usr/lib/systemd/system/plocate-updatedb.timer.
Processing triggers for man-db (2.12.0-4build2) ...
Processing triggers for libc-bin (2.39-0ubuntu8.4) ...
W: Operation was interrupted before it could finish